[webgency.tilda.ws/blossomoud.html]
[backblue.gif]
[fade.gif]
[index.html]
[static.tildacdn.net/tild3332-3762-4233-a636-636233333133/Vector.png]
[neo.tildacdn.com/js/tilda-fallback-1.0.min.js]
[static.tildacdn.net/css/tilda-grid-3.0.min.css]
[static.tildacdn.net/ws/project8424802/tilda-blocks-page146067533.min6306.css]
[static.tildacdn.net/css/tilda-animation-2.0.min.css]
[static.tildacdn.net/css/tilda-forms-1.0.min.css]
[static.tildacdn.net/js/tilda-polyfill-1.0.min.js]
[static.tildacdn.net/js/tilda-scripts-3.0.min.js]
[static.tildacdn.net/ws/project8424802/tilda-blocks-page146067533.min6306.js]
[static.tildacdn.net/js/tilda-lazyload-1.0.min.js]
[static.tildacdn.net/js/tilda-animation-2.0.min.js]
[webgency.tilda.ws/OPR/index.html]
[static.tildacdn.net/js/tilda-zero-1.1.min.js]
[static.tildacdn.net/js/tilda-forms-1.0.min.js]
[static.tildacdn.net/js/tilda-zero-forms-1.0.min.js]
[static.tildacdn.net/js/tilda-animation-sbs-1.0.min.js]
[static.tildacdn.net/js/tilda-zero-scale-1.0.min.js]
[static.tildacdn.net/js/tilda-zero-fixed-1.0.min.js]
[static.tildacdn.net/js/tilda-events-1.0.min.js]
[thb.tildacdn.net/tild6233-6433-4662-a437-316665346637/-/resize/20x/Gemini_Generated_Ima.png]
[thb.tildacdn.net/tild6364-3438-4161-b964-613234643831/-/resize/20x/623915249_2629494717.png]
[thb.tildacdn.net/tild6566-6361-4436-a235-323435366264/-/resize/20x/line_flower_1.png]
[thb.tildacdn.net/tild3366-6538-4432-b138-323436663963/-/resize/20x/623915249_2629494717.png]
[thb.tildacdn.net/tild6634-6438-4366-b831-343330323762/-/resize/20x/frsame_1.png]
[thb.tildacdn.net/tild6131-6532-4465-a338-653839313434/-/resize/20x/Group_204_2.png]
[thb.tildacdn.net/tild3830-3661-4865-a130-306631633264/-/resize/20x/Vector.png]
[thb.tildacdn.net/tild6239-3062-4232-a662-393266616664/-/resize/20x/line-divider2.png]
[static.tildacdn.net/tild6335-6235-4431-a638-396563386331/Decoration_elements_.png]
[thb.tildacdn.net/tild6335-6235-4431-a638-396563386331/-/resize/20x/Decoration_elements_.png]
[static.tildacdn.net/tild6363-6164-4231-a362-383563623535/flower-decor.png]
[thb.tildacdn.net/tild6363-6164-4231-a362-383563623535/-/resize/20x/flower-decor.png]
[thb.tildacdn.net/tild3263-3561-4339-a533-643564366236/-/resize/20x/ic_baseline-place_1.png]
[thb.tildacdn.net/tild6666-3763-4439-a131-303039386132/-/resize/20x/Group_222.png]
[thb.tildacdn.net/tild3736-6638-4539-b133-393334313761/-/resize/20x/People_in_elegant_at.png]
[thb.tildacdn.net/tild3661-6433-4036-a330-323937363764/-/resize/20x/Create_PNG_image_cha.png]
[thb.tildacdn.net/tild6166-3862-4533-b931-323630393862/-/resize/20x/Fine-line_flowers_Mo.png]
[thb.tildacdn.net/tild3766-3833-4138-b137-393561366461/-/resize/20x/decor-line_1.png]
[webgency.tilda.ws/blossomoud.html]
[static.tildacdn.net/css/tilda-grid-3.0.min.css]
[static.tildacdn.net/ws/project8424802/tilda-blocks-page146067533.min6306.css]
[static.tildacdn.net/css/tilda-animation-2.0.min.css]
[static.tildacdn.net/css/tilda-forms-1.0.min.css]
[webgency.tilda.ws/OPR/index.html]
[static.tildacdn.net/js/tilda-stat-1.0.min.js]
